<html>
<body>
<pre>
<h1>礦ision Build Log</h1>
<h2>Project:</h2>
E:\stm32_text\蓝牙\pwmfocus\he\SSFocuserv3\SSFocuserv2\SSFocuser\SSFocuser\Project\RVMDK（uv5）\BH-F103.uvprojx
Project File Date:  01/08/2018

<h2>Output:</h2>
Rebuild target 'Led'
assembling startup_stm32f10x_hd.s...
compiling core_cm3.c...
compiling system_stm32f10x.c...
compiling misc.c...
compiling stm32f10x_adc.c...
compiling stm32f10x_bkp.c...
compiling stm32f10x_can.c...
compiling stm32f10x_cec.c...
compiling stm32f10x_crc.c...
compiling stm32f10x_dac.c...
compiling stm32f10x_dbgmcu.c...
compiling stm32f10x_dma.c...
compiling stm32f10x_exti.c...
compiling stm32f10x_flash.c...
compiling stm32f10x_fsmc.c...
compiling stm32f10x_gpio.c...
compiling stm32f10x_i2c.c...
compiling stm32f10x_iwdg.c...
compiling stm32f10x_pwr.c...
compiling stm32f10x_rcc.c...
compiling stm32f10x_rtc.c...
compiling stm32f10x_sdio.c...
compiling stm32f10x_spi.c...
compiling stm32f10x_tim.c...
compiling stm32f10x_usart.c...
compiling stm32f10x_wwdg.c...
compiling main.c...
compiling stm32f10x_it.c...
compiling bsp_SysTick.c...
compiling bsp_usart.c...
compiling bsp_usart_blt.c...
compiling bsp_hc05.c...
compiling bsp_ds18b20.c...
compiling bsp_TiMbase.c...
compiling bsp_led.c...
compiling Exti44E.c...
compiling ESP8266.c...
compiling WifiUsart..c...
linking...
Program Size: Code=19852 RO-data=556 RW-data=504 ZI-data=3704  
FromELF: creating hex file...
"..\..\Output\流水灯.axf" - 0 Error(s), 0 Warning(s).
rrors
compiling WifiUsart..c...
linking...
Program Size: Code=19712 RO-data=556 RW-data=504 ZI-data=3704  
FromELF: creating hex file...
"..\..\Output\流水灯.axf" - 0 Error(s), 1 Warning(s).
.
linking...
Program Size: Code=19852 RO-data=556 RW-data=504 ZI-data=3704  
FromELF: creating hex file...
"..\..\Output\流水灯.axf" - 0 Error(s), 2 Warning(s).
"..\..\Output\流水灯.axf" - 2 Error(s), 1 Warning(s).
Target not created
.c...
"..\..\Output\流水灯.axf" - 2 Error(s), 0 Warning(s).
Target not created
defined
        if(WIFIUART_RxPtr < (WIFIUART_RX_BUFFER_SIZE - 1))
..\..\User\stm32f10x_it.c(275): error:  #20: identifier "WIFIUART_RxBuffer" is undefined
                  WIFIUART_RxBuffer[WIFIUART_RxPtr] = data;
..\..\User\stm32f10x_it.c(281): error:  #20: identifier "WIFIUART_RxBuffer" is undefined
                  WIFIUART_RxBuffer[WIFIUART_RxPtr - 1] = data;
..\..\User\stm32f10x_it.c: 0 warnings, 6 errors
compiling bsp_SysTick.c...
compiling bsp_usart.c...
compiling bsp_usart_blt.c...
compiling bsp_hc05.c...
compiling bsp_ds18b20.c...
compiling bsp_TiMbase.c...
compiling bsp_led.c...
compiling Exti44E.c...
compiling ESP8266.c...
compiling WifiUsart..c...
"..\..\Output\流水灯.axf" - 7 Error(s), 0 Warning(s).
Target not created
